C:\Users\sheshs3\OneDrive - Dell Technologies\Desktop\FSD\Code\ehealthcare_backend-main\src\main\java\com\dell\capstone\controller\ItemController.java
C:\Users\sheshs3\OneDrive - Dell Technologies\Desktop\FSD\Code\ehealthcare_backend-main\src\main\java\com\dell\capstone\CapstoneApplication.java
C:\Users\sheshs3\OneDrive - Dell Technologies\Desktop\FSD\Code\ehealthcare_backend-main\src\main\java\com\dell\capstone\repository\OrderRepository.java
C:\Users\sheshs3\OneDrive - Dell Technologies\Desktop\FSD\Code\ehealthcare_backend-main\src\main\java\com\dell\capstone\controller\UserController.java
C:\Users\sheshs3\OneDrive - Dell Technologies\Desktop\FSD\Code\ehealthcare_backend-main\src\main\java\com\dell\capstone\entity\ItemEntity.java
C:\Users\sheshs3\OneDrive - Dell Technologies\Desktop\FSD\Code\ehealthcare_backend-main\src\main\java\com\dell\capstone\model\Item.java
C:\Users\sheshs3\OneDrive - Dell Technologies\Desktop\FSD\Code\ehealthcare_backend-main\src\main\java\com\dell\capstone\model\OrderRequest.java
C:\Users\sheshs3\OneDrive - Dell Technologies\Desktop\FSD\Code\ehealthcare_backend-main\src\main\java\com\dell\capstone\repository\UserCartRepository.java
C:\Users\sheshs3\OneDrive - Dell Technologies\Desktop\FSD\Code\ehealthcare_backend-main\src\main\java\com\dell\capstone\entity\UserCartEntity.java
C:\Users\sheshs3\OneDrive - Dell Technologies\Desktop\FSD\Code\ehealthcare_backend-main\src\main\java\com\dell\capstone\repository\ItemRepository.java
C:\Users\sheshs3\OneDrive - Dell Technologies\Desktop\FSD\Code\ehealthcare_backend-main\src\main\java\com\dell\capstone\controller\OrderController.java
C:\Users\sheshs3\OneDrive - Dell Technologies\Desktop\FSD\Code\ehealthcare_backend-main\src\main\java\com\dell\capstone\repository\UserRepository.java
C:\Users\sheshs3\OneDrive - Dell Technologies\Desktop\FSD\Code\ehealthcare_backend-main\src\main\java\com\dell\capstone\model\User.java
C:\Users\sheshs3\OneDrive - Dell Technologies\Desktop\FSD\Code\ehealthcare_backend-main\src\main\java\com\dell\capstone\controller\UserCartController.java
C:\Users\sheshs3\OneDrive - Dell Technologies\Desktop\FSD\Code\ehealthcare_backend-main\src\main\java\com\dell\capstone\model\LoginResponse.java
C:\Users\sheshs3\OneDrive - Dell Technologies\Desktop\FSD\Code\ehealthcare_backend-main\src\main\java\com\dell\capstone\entity\OrderEntity.java
C:\Users\sheshs3\OneDrive - Dell Technologies\Desktop\FSD\Code\ehealthcare_backend-main\src\main\java\com\dell\capstone\entity\UserEntity.java
